[0/2] Re-checking globbed directories...
[1/44] Building CXX object CMakeFiles/City.dir/Main.cpp.o
[2/44] Building CXX object CMakeFiles/City.dir/src/render/MinimapRenderer.cpp.o
[3/44] Building CXX object CMakeFiles/City.dir/src/GameApp.cpp.o
[4/44] Building CXX object CMakeFiles/City.dir/src/scene/GameScene.cpp.o
[5/44] Building CXX object CMakeFiles/City.dir/src/scene/GameScene_Capture.cpp.o
[6/44] Building CXX object CMakeFiles/City.dir/src/scene/GameScene_Commands.cpp.o
[7/44] Building CXX object CMakeFiles/City.dir/src/scene/GameScene_Construction.cpp.o
[8/44] Building CXX object CMakeFiles/City.dir/src/scene/GameScene_ConstructionReview.cpp.o
[9/44] Building CXX object CMakeFiles/City.dir/src/scene/GameScene_Driving.cpp.o
[10/44] Building CXX object CMakeFiles/City.dir/src/scene/GameScene_InspectorPanels.cpp.o
[11/44] Building CXX object CMakeFiles/City.dir/src/scene/GameScene_Input.cpp.o
[12/44] Building CXX object CMakeFiles/City.dir/src/scene/GameScene_Generation.cpp.o
[13/44] Building CXX object CMakeFiles/City.dir/src/scene/GameScene_Loading.cpp.o
[14/44] Building CXX object CMakeFiles/City.dir/src/scene/GameScene_Panels.cpp.o
[15/44] Building CXX object CMakeFiles/City.dir/src/scene/GameScene_Railway.cpp.o
[16/44] Building CXX object CMakeFiles/City.dir/src/scene/GameScene_RoadPlan.cpp.o
[17/44] Building CXX object CMakeFiles/City.dir/src/scene/GameScene_Render.cpp.o
[18/44] Building CXX object CMakeFiles/City.dir/src/scene/GameScene_RoadReview.cpp.o
[19/44] Building CXX object CMakeFiles/City.dir/src/scene/GameScene_SignalPanel.cpp.o
[20/44] Building CXX object CMakeFiles/City.dir/src/scene/GameScene_Zoning.cpp.o
[21/44] Building CXX object CMakeFiles/City.dir/src/scene/GameScene_Storage.cpp.o
[22/44] Building CXX object CMakeFiles/City.dir/src/ui/Camera.cpp.o
[23/44] Building CXX object CMakeFiles/City.dir/src/scene/GuideSignEditor.cpp.o
[24/44] Building CXX object CMakeFiles/City.dir/src/ui/CommandPalette.cpp.o
[25/44] Building CXX object CMakeFiles/City.dir/src/ui/TrainTimetableEditor.cpp.o
[26/44] Building CXX object CMakeFiles/City.dir/src/scene/GameScene_Playtest.cpp.o
[27/44] Building CXX object CMakeFiles/City.dir/src/ui/PanelLayout.cpp.o
[28/44] Building CXX object CMakeFiles/CityTests.dir/Test/SharedTransportTests.cpp.o
[29/44] Building CXX object CMakeFiles/CityTests.dir/Test/RailwayTimetableTests.cpp.o
[30/44] Building CXX object CMakeFiles/CityTests.dir/Test/UrbanUsabilityTests.cpp.o
[31/44] Building CXX object CMakeFiles/CityTests.dir/Test/PlayabilityTests.cpp.o
[32/44] Building CXX object CMakeFiles/CityTests.dir/Test/RuralVisualTests.cpp.o
[33/44] Building CXX object CMakeFiles/CityTests.dir/Test/MapTransportTests.cpp.o
[34/44] Building CXX object CMakeFiles/CityTests.dir/src/ui/Camera.cpp.o
[35/44] Building CXX object CMakeFiles/CityTests.dir/src/ui/CommandPalette.cpp.o
[36/44] Building CXX object CMakeFiles/CityTests.dir/src/ui/TrainTimetableEditor.cpp.o
[37/44] Building CXX object CMakeFiles/CityTests.dir/Test/DrivingTests.cpp.o
[38/44] Building CXX object CMakeFiles/CityTests.dir/src/render/MinimapRenderer.cpp.o
[39/44] Building CXX object CMakeFiles/CityTests.dir/src/ui/PanelLayout.cpp.o
[40/44] Linking CXX executable /workspace/scratch/67b01c4a1273/City-latest/App/City
[41/44] Building CXX object CMakeFiles/CityTests.dir/Test/UrbanMorphologyTests.cpp.o
[42/44] Building CXX object CMakeFiles/CityTests.dir/Test/ComprehensiveTests.cpp.o
[43/44] Linking CXX executable /workspace/scratch/67b01c4a1273/City-latest/Test/App/CityTests
