[0/2] Re-checking globbed directories...
[1/28] Building CXX object CMakeFiles/City.dir/Main.cpp.o
[2/28] Building CXX object CMakeFiles/City.dir/src/GameApp.cpp.o
[3/28] Building CXX object CMakeFiles/City.dir/src/render/MinimapRenderer.cpp.o
[4/28] Building CXX object CMakeFiles/City.dir/src/scene/GameScene.cpp.o
[5/28] Building CXX object CMakeFiles/City.dir/src/scene/GameScene_Capture.cpp.o
[6/28] Building CXX object CMakeFiles/City.dir/src/scene/GameScene_Commands.cpp.o
[7/28] Building CXX object CMakeFiles/City.dir/src/scene/GameScene_Construction.cpp.o
[8/28] Building CXX object CMakeFiles/City.dir/src/scene/GameScene_ConstructionReview.cpp.o
[9/28] Building CXX object CMakeFiles/City.dir/src/scene/GameScene_Driving.cpp.o
[10/28] Building CXX object CMakeFiles/City.dir/src/scene/GameScene_Generation.cpp.o
[11/28] Building CXX object CMakeFiles/City.dir/src/scene/GameScene_Input.cpp.o
[12/28] Building CXX object CMakeFiles/City.dir/src/scene/GameScene_InspectorPanels.cpp.o
[13/28] Building CXX object CMakeFiles/City.dir/src/scene/GameScene_Loading.cpp.o
[14/28] Building CXX object CMakeFiles/City.dir/src/scene/GameScene_Panels.cpp.o
[15/28] Building CXX object CMakeFiles/City.dir/src/scene/GameScene_Playtest.cpp.o
[16/28] Building CXX object CMakeFiles/City.dir/src/scene/GameScene_Railway.cpp.o
[17/28] Building CXX object CMakeFiles/City.dir/src/scene/GameScene_Render.cpp.o
[18/28] Building CXX object CMakeFiles/City.dir/src/scene/GameScene_RoadPlan.cpp.o
[19/28] Building CXX object CMakeFiles/City.dir/src/scene/GameScene_RoadReview.cpp.o
[20/28] Building CXX object CMakeFiles/City.dir/src/scene/GameScene_SignalPanel.cpp.o
[21/28] Building CXX object CMakeFiles/City.dir/src/scene/GameScene_Storage.cpp.o
[22/28] Building CXX object CMakeFiles/City.dir/src/scene/GameScene_Zoning.cpp.o
[23/28] Building CXX object CMakeFiles/City.dir/src/scene/GuideSignEditor.cpp.o
[24/28] Building CXX object CMakeFiles/City.dir/src/ui/PanelManager.cpp.o
[25/28] Building CXX object CMakeFiles/CityTests.dir/src/render/MinimapRenderer.cpp.o
[26/28] Linking CXX executable /workspace/scratch/67b01c4a1273/City-latest/App/City
[27/28] Linking CXX executable /workspace/scratch/67b01c4a1273/City-latest/Test/App/CityTests
